// Jest Snapshot v1, https://goo.gl/fbAQLP

exports[`<Header /> component should render initial structure properly 1`] = `
<DocumentFragment>
  <div
    class="sc-bcPKhP ifnBhh"
  >
    <div
      class="sc-grXZZQ hHOjcc"
    >
      <div
        class="sc-dkjKgF glALSE"
      >
        <svg
          style="cursor: pointer;"
        >
          crown.svg
        </svg>
      </div>
    </div>
    <div
      class="sc-grXZZQ hNCWnH"
    >
      <div
        class="sc-dkjKgF glALSE"
      >
        Shop
      </div>
      <div
        class="sc-dkjKgF glALSE"
      >
        Sign In
      </div>
      <div
        class="sc-jSwlEQ gVkLjW"
        title="cart-icon-container"
      >
        <svg
          class="sc-eDnVMP eMDWkw"
          title="shopping-bag"
        >
          shopping-bag.svg
        </svg>
        <span
          class="sc-hLclGa frgelt"
        >
          0
        </span>
      </div>
    </div>
  </div>
</DocumentFragment>
`;
