// Jest Snapshot v1, https://goo.gl/fbAQLP

exports[`<CartItem /> component should render cart-item UI elements 1`] = `
<DocumentFragment>
  <div
    class="sc-dkjKgF jouCEI"
  >
    <img
      alt="item 1"
      src="testUrl"
    />
    <div
      class="sc-bcPKhP qrmOf"
    >
      <div
        class="sc-grXZZQ bkNFIY"
      >
        item 1
      </div>
      <div
        class="sc-grXZZQ bkNFIY"
      >
        <div
          class="arrow"
        >
          ❬
        </div>
        10
        <div
          class="arrow"
        >
          ❭
        </div>
      </div>
      <div
        class="sc-grXZZQ bkNFIY"
      >
        $140
      </div>
      <div
        class="sc-grXZZQ bkNFIY"
      >
        <div
          class="remove-btn"
        >
          ✕
        </div>
      </div>
    </div>
  </div>
</DocumentFragment>
`;
